// Vitest Snapshot v1, https://vitest.dev/guide/snapshot.html

exports[`bitcoin > decodes a P2PKH address on backspin > P2PKH on backspin 1`] = `"n37AcBDN48pKxBR5DK1fSDFnzFuMhGq9wy"`;

exports[`bitcoin > decodes a P2PKH address on backspin > P2PKH on backspin 2`] = `"n37AcBDN48pKxBR5DK1fSDFnzFuMhGq9wy"`;

exports[`bitcoin > decodes a P2PKH address on backspin > P2PKH on backspin 3`] = `"n37AcBDN48pKxBR5DK1fSDFnzFuMhGq9wy"`;

exports[`bitcoin > decodes a P2PKH address on mainnet > P2PKH on mainnet 1`] = `"1NbDK88PF7P5B4wTVk3HcJ3U8GJeiSrccq"`;

exports[`bitcoin > decodes a P2PKH address on mainnet > P2PKH on mainnet 2`] = `"1NbDK88PF7P5B4wTVk3HcJ3U8GJeiSrccq"`;

exports[`bitcoin > decodes a P2PKH address on mainnet > P2PKH on mainnet 3`] = `"1NbDK88PF7P5B4wTVk3HcJ3U8GJeiSrccq"`;

exports[`bitcoin > decodes a P2PKH address on perseverance > P2PKH on perseverance 1`] = `"n37AcBDN48pKxBR5DK1fSDFnzFuMhGq9wy"`;

exports[`bitcoin > decodes a P2PKH address on perseverance > P2PKH on perseverance 2`] = `"n37AcBDN48pKxBR5DK1fSDFnzFuMhGq9wy"`;

exports[`bitcoin > decodes a P2PKH address on perseverance > P2PKH on perseverance 3`] = `"n37AcBDN48pKxBR5DK1fSDFnzFuMhGq9wy"`;

exports[`bitcoin > decodes a P2PKH address on regtest > P2PKH on regtest 1`] = `"n37AcBDN48pKxBR5DK1fSDFnzFuMhGq9wy"`;

exports[`bitcoin > decodes a P2PKH address on regtest > P2PKH on regtest 2`] = `"n37AcBDN48pKxBR5DK1fSDFnzFuMhGq9wy"`;

exports[`bitcoin > decodes a P2PKH address on regtest > P2PKH on regtest 3`] = `"n37AcBDN48pKxBR5DK1fSDFnzFuMhGq9wy"`;

exports[`bitcoin > decodes a P2PKH address on sisyphos > P2PKH on sisyphos 1`] = `"n37AcBDN48pKxBR5DK1fSDFnzFuMhGq9wy"`;

exports[`bitcoin > decodes a P2PKH address on sisyphos > P2PKH on sisyphos 2`] = `"n37AcBDN48pKxBR5DK1fSDFnzFuMhGq9wy"`;

exports[`bitcoin > decodes a P2PKH address on sisyphos > P2PKH on sisyphos 3`] = `"n37AcBDN48pKxBR5DK1fSDFnzFuMhGq9wy"`;

exports[`bitcoin > decodes a P2PKH address on testnet > P2PKH on testnet 1`] = `"n37AcBDN48pKxBR5DK1fSDFnzFuMhGq9wy"`;

exports[`bitcoin > decodes a P2PKH address on testnet > P2PKH on testnet 2`] = `"n37AcBDN48pKxBR5DK1fSDFnzFuMhGq9wy"`;

exports[`bitcoin > decodes a P2PKH address on testnet > P2PKH on testnet 3`] = `"n37AcBDN48pKxBR5DK1fSDFnzFuMhGq9wy"`;

exports[`bitcoin > decodes a P2SH address on backspin > P2SH on backspin 1`] = `"2N5XdxPojGTLjs2ZvkpbF9473zL1wftGzPJ"`;

exports[`bitcoin > decodes a P2SH address on backspin > P2SH on backspin 2`] = `"2N5XdxPojGTLjs2ZvkpbF9473zL1wftGzPJ"`;

exports[`bitcoin > decodes a P2SH address on backspin > P2SH on backspin 3`] = `"2N5XdxPojGTLjs2ZvkpbF9473zL1wftGzPJ"`;

exports[`bitcoin > decodes a P2SH address on mainnet > P2SH on mainnet 1`] = `"3DyRteshezqPfEwP5gyNX77nmyomu5GW2U"`;

exports[`bitcoin > decodes a P2SH address on mainnet > P2SH on mainnet 2`] = `"3DyRteshezqPfEwP5gyNX77nmyomu5GW2U"`;

exports[`bitcoin > decodes a P2SH address on mainnet > P2SH on mainnet 3`] = `"3DyRteshezqPfEwP5gyNX77nmyomu5GW2U"`;

exports[`bitcoin > decodes a P2SH address on perseverance > P2SH on perseverance 1`] = `"2N5XdxPojGTLjs2ZvkpbF9473zL1wftGzPJ"`;

exports[`bitcoin > decodes a P2SH address on perseverance > P2SH on perseverance 2`] = `"2N5XdxPojGTLjs2ZvkpbF9473zL1wftGzPJ"`;

exports[`bitcoin > decodes a P2SH address on perseverance > P2SH on perseverance 3`] = `"2N5XdxPojGTLjs2ZvkpbF9473zL1wftGzPJ"`;

exports[`bitcoin > decodes a P2SH address on regtest > P2SH on regtest 1`] = `"2N5XdxPojGTLjs2ZvkpbF9473zL1wftGzPJ"`;

exports[`bitcoin > decodes a P2SH address on regtest > P2SH on regtest 2`] = `"2N5XdxPojGTLjs2ZvkpbF9473zL1wftGzPJ"`;

exports[`bitcoin > decodes a P2SH address on regtest > P2SH on regtest 3`] = `"2N5XdxPojGTLjs2ZvkpbF9473zL1wftGzPJ"`;

exports[`bitcoin > decodes a P2SH address on sisyphos > P2SH on sisyphos 1`] = `"2N5XdxPojGTLjs2ZvkpbF9473zL1wftGzPJ"`;

exports[`bitcoin > decodes a P2SH address on sisyphos > P2SH on sisyphos 2`] = `"2N5XdxPojGTLjs2ZvkpbF9473zL1wftGzPJ"`;

exports[`bitcoin > decodes a P2SH address on sisyphos > P2SH on sisyphos 3`] = `"2N5XdxPojGTLjs2ZvkpbF9473zL1wftGzPJ"`;

exports[`bitcoin > decodes a P2SH address on testnet > P2SH on testnet 1`] = `"2N5XdxPojGTLjs2ZvkpbF9473zL1wftGzPJ"`;

exports[`bitcoin > decodes a P2SH address on testnet > P2SH on testnet 2`] = `"2N5XdxPojGTLjs2ZvkpbF9473zL1wftGzPJ"`;

exports[`bitcoin > decodes a P2SH address on testnet > P2SH on testnet 3`] = `"2N5XdxPojGTLjs2ZvkpbF9473zL1wftGzPJ"`;

exports[`bitcoin > decodes a P2WPKH address on backspin > P2WPKH on backspin 1`] = `"bcrt1qvwmuc3pjhwju287sjs5vg7467t2jlymnnaxr8m"`;

exports[`bitcoin > decodes a P2WPKH address on backspin > P2WPKH on backspin 2`] = `"bcrt1qvwmuc3pjhwju287sjs5vg7467t2jlymnnaxr8m"`;

exports[`bitcoin > decodes a P2WPKH address on backspin > P2WPKH on backspin 3`] = `"bcrt1qvwmuc3pjhwju287sjs5vg7467t2jlymnnaxr8m"`;

exports[`bitcoin > decodes a P2WPKH address on mainnet > P2WPKH on mainnet 1`] = `"bc1qvwmuc3pjhwju287sjs5vg7467t2jlymnmjyatp"`;

exports[`bitcoin > decodes a P2WPKH address on mainnet > P2WPKH on mainnet 2`] = `"bc1qvwmuc3pjhwju287sjs5vg7467t2jlymnmjyatp"`;

exports[`bitcoin > decodes a P2WPKH address on mainnet > P2WPKH on mainnet 3`] = `"bc1qvwmuc3pjhwju287sjs5vg7467t2jlymnmjyatp"`;

exports[`bitcoin > decodes a P2WPKH address on perseverance > P2WPKH on perseverance 1`] = `"tb1qvwmuc3pjhwju287sjs5vg7467t2jlymn35lwsj"`;

exports[`bitcoin > decodes a P2WPKH address on perseverance > P2WPKH on perseverance 2`] = `"tb1qvwmuc3pjhwju287sjs5vg7467t2jlymn35lwsj"`;

exports[`bitcoin > decodes a P2WPKH address on perseverance > P2WPKH on perseverance 3`] = `"tb1qvwmuc3pjhwju287sjs5vg7467t2jlymn35lwsj"`;

exports[`bitcoin > decodes a P2WPKH address on regtest > P2WPKH on regtest 1`] = `"bcrt1qvwmuc3pjhwju287sjs5vg7467t2jlymnnaxr8m"`;

exports[`bitcoin > decodes a P2WPKH address on regtest > P2WPKH on regtest 2`] = `"bcrt1qvwmuc3pjhwju287sjs5vg7467t2jlymnnaxr8m"`;

exports[`bitcoin > decodes a P2WPKH address on regtest > P2WPKH on regtest 3`] = `"bcrt1qvwmuc3pjhwju287sjs5vg7467t2jlymnnaxr8m"`;

exports[`bitcoin > decodes a P2WPKH address on sisyphos > P2WPKH on sisyphos 1`] = `"tb1qvwmuc3pjhwju287sjs5vg7467t2jlymn35lwsj"`;

exports[`bitcoin > decodes a P2WPKH address on sisyphos > P2WPKH on sisyphos 2`] = `"tb1qvwmuc3pjhwju287sjs5vg7467t2jlymn35lwsj"`;

exports[`bitcoin > decodes a P2WPKH address on sisyphos > P2WPKH on sisyphos 3`] = `"tb1qvwmuc3pjhwju287sjs5vg7467t2jlymn35lwsj"`;

exports[`bitcoin > decodes a P2WPKH address on testnet > P2WPKH on testnet 1`] = `"tb1qvwmuc3pjhwju287sjs5vg7467t2jlymn35lwsj"`;

exports[`bitcoin > decodes a P2WPKH address on testnet > P2WPKH on testnet 2`] = `"tb1qvwmuc3pjhwju287sjs5vg7467t2jlymn35lwsj"`;

exports[`bitcoin > decodes a P2WPKH address on testnet > P2WPKH on testnet 3`] = `"tb1qvwmuc3pjhwju287sjs5vg7467t2jlymn35lwsj"`;

exports[`bitcoin > decodes a P2WSH address on backspin > P2WSH on backspin 1`] = `"bcrt1qxg0xyktspurnffsmtlagf80p0pjmcv5n6hgxnkgly0nvhp76ahcq825u3r"`;

exports[`bitcoin > decodes a P2WSH address on backspin > P2WSH on backspin 2`] = `"bcrt1qxg0xyktspurnffsmtlagf80p0pjmcv5n6hgxnkgly0nvhp76ahcq825u3r"`;

exports[`bitcoin > decodes a P2WSH address on backspin > P2WSH on backspin 3`] = `"bcrt1qxg0xyktspurnffsmtlagf80p0pjmcv5n6hgxnkgly0nvhp76ahcq825u3r"`;

exports[`bitcoin > decodes a P2WSH address on mainnet > P2WSH on mainnet 1`] = `"bc1qxg0xyktspurnffsmtlagf80p0pjmcv5n6hgxnkgly0nvhp76ahcqamg47k"`;

exports[`bitcoin > decodes a P2WSH address on mainnet > P2WSH on mainnet 2`] = `"bc1qxg0xyktspurnffsmtlagf80p0pjmcv5n6hgxnkgly0nvhp76ahcqamg47k"`;

exports[`bitcoin > decodes a P2WSH address on mainnet > P2WSH on mainnet 3`] = `"bc1qxg0xyktspurnffsmtlagf80p0pjmcv5n6hgxnkgly0nvhp76ahcqamg47k"`;

exports[`bitcoin > decodes a P2WSH address on perseverance > P2WSH on perseverance 1`] = `"tb1qxg0xyktspurnffsmtlagf80p0pjmcv5n6hgxnkgly0nvhp76ahcq2n76ye"`;

exports[`bitcoin > decodes a P2WSH address on perseverance > P2WSH on perseverance 2`] = `"tb1qxg0xyktspurnffsmtlagf80p0pjmcv5n6hgxnkgly0nvhp76ahcq2n76ye"`;

exports[`bitcoin > decodes a P2WSH address on perseverance > P2WSH on perseverance 3`] = `"tb1qxg0xyktspurnffsmtlagf80p0pjmcv5n6hgxnkgly0nvhp76ahcq2n76ye"`;

exports[`bitcoin > decodes a P2WSH address on regtest > P2WSH on regtest 1`] = `"bcrt1qxg0xyktspurnffsmtlagf80p0pjmcv5n6hgxnkgly0nvhp76ahcq825u3r"`;

exports[`bitcoin > decodes a P2WSH address on regtest > P2WSH on regtest 2`] = `"bcrt1qxg0xyktspurnffsmtlagf80p0pjmcv5n6hgxnkgly0nvhp76ahcq825u3r"`;

exports[`bitcoin > decodes a P2WSH address on regtest > P2WSH on regtest 3`] = `"bcrt1qxg0xyktspurnffsmtlagf80p0pjmcv5n6hgxnkgly0nvhp76ahcq825u3r"`;

exports[`bitcoin > decodes a P2WSH address on sisyphos > P2WSH on sisyphos 1`] = `"tb1qxg0xyktspurnffsmtlagf80p0pjmcv5n6hgxnkgly0nvhp76ahcq2n76ye"`;

exports[`bitcoin > decodes a P2WSH address on sisyphos > P2WSH on sisyphos 2`] = `"tb1qxg0xyktspurnffsmtlagf80p0pjmcv5n6hgxnkgly0nvhp76ahcq2n76ye"`;

exports[`bitcoin > decodes a P2WSH address on sisyphos > P2WSH on sisyphos 3`] = `"tb1qxg0xyktspurnffsmtlagf80p0pjmcv5n6hgxnkgly0nvhp76ahcq2n76ye"`;

exports[`bitcoin > decodes a P2WSH address on testnet > P2WSH on testnet 1`] = `"tb1qxg0xyktspurnffsmtlagf80p0pjmcv5n6hgxnkgly0nvhp76ahcq2n76ye"`;

exports[`bitcoin > decodes a P2WSH address on testnet > P2WSH on testnet 2`] = `"tb1qxg0xyktspurnffsmtlagf80p0pjmcv5n6hgxnkgly0nvhp76ahcq2n76ye"`;

exports[`bitcoin > decodes a P2WSH address on testnet > P2WSH on testnet 3`] = `"tb1qxg0xyktspurnffsmtlagf80p0pjmcv5n6hgxnkgly0nvhp76ahcq2n76ye"`;

exports[`bitcoin > decodes a Taproot address on backspin > Taproot on backspin 1`] = `"bcrt1pdz3akc5wa2gr69v3x87tfg0ka597dxqvfl6zhqx4y202y63cgw0qu6z8wq"`;

exports[`bitcoin > decodes a Taproot address on backspin > Taproot on backspin 2`] = `"bcrt1pdz3akc5wa2gr69v3x87tfg0ka597dxqvfl6zhqx4y202y63cgw0qu6z8wq"`;

exports[`bitcoin > decodes a Taproot address on backspin > Taproot on backspin 3`] = `"bcrt1pdz3akc5wa2gr69v3x87tfg0ka597dxqvfl6zhqx4y202y63cgw0qu6z8wq"`;

exports[`bitcoin > decodes a Taproot address on mainnet > Taproot on mainnet 1`] = `"bc1pdz3akc5wa2gr69v3x87tfg0ka597dxqvfl6zhqx4y202y63cgw0qxt7wp4"`;

exports[`bitcoin > decodes a Taproot address on mainnet > Taproot on mainnet 2`] = `"bc1pdz3akc5wa2gr69v3x87tfg0ka597dxqvfl6zhqx4y202y63cgw0qxt7wp4"`;

exports[`bitcoin > decodes a Taproot address on mainnet > Taproot on mainnet 3`] = `"bc1pdz3akc5wa2gr69v3x87tfg0ka597dxqvfl6zhqx4y202y63cgw0qxt7wp4"`;

exports[`bitcoin > decodes a Taproot address on perseverance > Taproot on perseverance 1`] = `"tb1pdz3akc5wa2gr69v3x87tfg0ka597dxqvfl6zhqx4y202y63cgw0q3rgpm6"`;

exports[`bitcoin > decodes a Taproot address on perseverance > Taproot on perseverance 2`] = `"tb1pdz3akc5wa2gr69v3x87tfg0ka597dxqvfl6zhqx4y202y63cgw0q3rgpm6"`;

exports[`bitcoin > decodes a Taproot address on perseverance > Taproot on perseverance 3`] = `"tb1pdz3akc5wa2gr69v3x87tfg0ka597dxqvfl6zhqx4y202y63cgw0q3rgpm6"`;

exports[`bitcoin > decodes a Taproot address on regtest > Taproot on regtest 1`] = `"bcrt1pdz3akc5wa2gr69v3x87tfg0ka597dxqvfl6zhqx4y202y63cgw0qu6z8wq"`;

exports[`bitcoin > decodes a Taproot address on regtest > Taproot on regtest 2`] = `"bcrt1pdz3akc5wa2gr69v3x87tfg0ka597dxqvfl6zhqx4y202y63cgw0qu6z8wq"`;

exports[`bitcoin > decodes a Taproot address on regtest > Taproot on regtest 3`] = `"bcrt1pdz3akc5wa2gr69v3x87tfg0ka597dxqvfl6zhqx4y202y63cgw0qu6z8wq"`;

exports[`bitcoin > decodes a Taproot address on sisyphos > Taproot on sisyphos 1`] = `"tb1pdz3akc5wa2gr69v3x87tfg0ka597dxqvfl6zhqx4y202y63cgw0q3rgpm6"`;

exports[`bitcoin > decodes a Taproot address on sisyphos > Taproot on sisyphos 2`] = `"tb1pdz3akc5wa2gr69v3x87tfg0ka597dxqvfl6zhqx4y202y63cgw0q3rgpm6"`;

exports[`bitcoin > decodes a Taproot address on sisyphos > Taproot on sisyphos 3`] = `"tb1pdz3akc5wa2gr69v3x87tfg0ka597dxqvfl6zhqx4y202y63cgw0q3rgpm6"`;

exports[`bitcoin > decodes a Taproot address on testnet > Taproot on testnet 1`] = `"tb1pdz3akc5wa2gr69v3x87tfg0ka597dxqvfl6zhqx4y202y63cgw0q3rgpm6"`;

exports[`bitcoin > decodes a Taproot address on testnet > Taproot on testnet 2`] = `"tb1pdz3akc5wa2gr69v3x87tfg0ka597dxqvfl6zhqx4y202y63cgw0q3rgpm6"`;

exports[`bitcoin > decodes a Taproot address on testnet > Taproot on testnet 3`] = `"tb1pdz3akc5wa2gr69v3x87tfg0ka597dxqvfl6zhqx4y202y63cgw0q3rgpm6"`;
